{
  "root": {
    "children": [
      {
        "children": [
          {
            "children": [
              {
                "children": [],
                "geometricError": 62.5,
                "refine": "ADD",
                "boundingVolume": {
                  "box": [
                    -128.251,
                    -574.105,
                    145.336,
                    131.433,
                    0.0,
                    0.0,
                    0.0,
                    242.331,
                    0.0,
                    0.0,
                    0.0,
                    95.785
                  ]
                },
                "content": {
                  "uri": "tiles/3.b3dm"
                }
              },
              {
                "children": [],
                "geometricError": 62.5,
                "refine": "ADD",
                "boundingVolume": {
                  "box": [
                    -121.038,
                    -84.425,
                    119.53,
                    124.169,
                    0.0,
                    0.0,
                    0.0,
                    243.868,
                    0.0,
                    0.0,
                    0.0,
                    108.086
                  ]
                },
                "content": {
                  "uri": "tiles/4.b3dm"
                }
              },
              {
                "children": [],
                "geometricError": 62.5,
                "refine": "ADD",
                "boundingVolume": {
                  "box": [
                    73.744,
                    -491.355,
                    1.564,
                    72.468,
                    0.0,
                    0.0,
                    0.0,
                    140.645,
                    0.0,
                    0.0,
                    0.0,
                    52.379
                  ]
                },
                "content": {
                  "uri": "tiles/5.b3dm"
                }
              },
              {
                "children": [
                  {
                    "children": [],
                    "geometricError": 31.25,
                    "refine": "ADD",
                    "boundingVolume": {
                      "box": [
                        12.947,
                        -113.303,
                        19.855,
                        1.954,
                        0.0,
                        0.0,
                        0.0,
                        0.0,
                        0.0,
                        0.0,
                        0.0,
                        1.916
                      ]
                    },
                    "content": {
                      "uri": "tiles/7.b3dm"
                    }
                  },
                  {
                    "children": [],
                    "geometricError": 31.25,
                    "refine": "ADD",
                    "boundingVolume": {
                      "box": [
                        35.583,
                        116.565,
                        -11.131,
                        1.857,
                        0.0,
                        0.0,
                        0.0,
                        0.0,
                        0.0,
                        0.0,
                        0.0,
                        1.822
                      ]
                    },
                    "content": {
                      "uri": "tiles/8.b3dm"
                    }
                  }
                ],
                "geometricError": 62.5,
                "refine": "ADD",
                "boundingVolume": {
                  "box": [
                    161.878,
                    -77.435,
                    -89.917,
                    155.368,
                    0.0,
                    0.0,
                    0.0,
                    248.138,
                    0.0,
                    0.0,
                    0.0,
                    111.688
                  ]
                },
                "content": {
                  "uri": "tiles/6.b3dm"
                }
              }
            ],
            "geometricError": 125.0,
            "refine": "ADD",
            "boundingVolume": {
              "box": [
                29.743,
                -329.246,
                19.1,
                299.597,
                0.0,
                0.0,
                0.0,
                499.949,
                0.0,
                0.0,
                0.0,
                231.695
              ]
            },
            "content": {
              "uri": "tiles/2.b3dm"
            }
          },
          {
            "children": [
              {
                "children": [],
                "geometricError": 62.5,
                "refine": "ADD",
                "boundingVolume": {
                  "box": [
                    -96.243,
                    391.431,
                    76.663,
                    99.49,
                    0.0,
                    0.0,
                    0.0,
                    196.165,
                    0.0,
                    0.0,
                    0.0,
                    77.026
                  ]
                },
                "content": {
                  "uri": "tiles/10.b3dm"
                }
              },
              {
                "children": [
                  {
                    "children": [],
                    "geometricError": 31.25,
                    "refine": "ADD",
                    "boundingVolume": {
                      "box": [
                        125.155,
                        286.385,
                        -81.387,
                        123.536,
                        0.0,
                        0.0,
                        0.0,
                        92.582,
                        0.0,
                        0.0,
                        0.0,
                        91.536
                      ]
                    },
                    "content": {
                      "uri": "tiles/12.b3dm"
                    }
                  },
                  {
                    "children": [],
                    "geometricError": 31.25,
                    "refine": "ADD",
                    "boundingVolume": {
                      "box": [
                        201.451,
                        475.613,
                        -155.386,
                        1.868,
                        0.0,
                        0.0,
                        0.0,
                        0.0,
                        0.0,
                        0.0,
                        0.0,
                        1.744
                      ]
                    },
                    "content": {
                      "uri": "tiles/13.b3dm"
                    }
                  },
                  {
                    "children": [],
                    "geometricError": 31.25,
                    "refine": "ADD",
                    "boundingVolume": {
                      "box": [
                        279.848,
                        475.443,
                        -214.543,
                        19.25,
                        0.0,
                        0.0,
                        0.0,
                        3.457,
                        0.0,
                        0.0,
                        0.0,
                        14.728
                      ]
                    },
                    "content": {
                      "uri": "tiles/14.b3dm"
                    }
                  }
                ],
                "geometricError": 62.5,
                "refine": "ADD",
                "boundingVolume": {
                  "box": [
                    232.147,
                    420.049,
                    -175.624,
                    230.528,
                    0.0,
                    0.0,
                    0.0,
                    248.135,
                    0.0,
                    0.0,
                    0.0,
                    185.773
                  ]
                },
                "content": {
                  "uri": "tiles/11.b3dm"
                }
              },
              {
                "children": [],
                "geometricError": 62.5,
                "refine": "ADD",
                "boundingVolume": {
                  "box": [
                    349.243,
                    755.417,
                    -285.968,
                    119.465,
                    0.0,
                    0.0,
                    0.0,
                    83.531,
                    0.0,
                    0.0,
                    0.0,
                    86.046
                  ]
                },
                "content": {
                  "uri": "tiles/15.b3dm"
                }
              }
            ],
            "geometricError": 125.0,
            "refine": "ADD",
            "boundingVolume": {
              "box": [
                -4.638,
                507.597,
                1.246,
                492.697,
                0.0,
                0.0,
                0.0,
                335.683,
                0.0,
                0.0,
                0.0,
                379.578
              ]
            },
            "content": {
              "uri": "tiles/9.b3dm"
            }
          }
        ],
        "geometricError": 250.0,
        "refine": "ADD",
        "boundingVolume": {
          "box": [
            0.0,
            7.043,
            0.0,
            497.336,
            0.0,
            0.0,
            0.0,
            836.238,
            0.0,
            0.0,
            0.0,
            380.824
          ]
        },
        "content": {
          "uri": "tiles/1.b3dm"
        }
      }
    ],
    "transform": [
      1.0,
      0.0,
      0.0,
      0.0,
      0.0,
      1.0,
      0.0,
      0.0,
      0.0,
      0.0,
      1.0,
      0.0,
      3858352.7347056903,
      314695.4753326266,
      5052033.9105619285,
      1.0
    ],
    "geometricError": 500.0,
    "refine": "ADD",
    "boundingVolume": {
      "box": [
        0.0,
        7.043,
        0.0,
        497.336,
        0.0,
        0.0,
        0.0,
        836.238,
        0.0,
        0.0,
        0.0,
        380.824
      ]
    }
  },
  "geometricError": 500.0,
  "asset": {
    "generator": "pg2b3dm",
    "version": "1.0"
  }
}